[2023-04-04 12:09:17] Сервер слушает на 127.0.0.1:5555
[2023-04-04 12:09:30] Сервер слушает на 127.0.0.1:5555
